// Jest Snapshot v1, https://goo.gl/fbAQLP

exports[`Status Component should render 1`] = `
Array [
  <div
    className="panel"
  >
    <header
      className="panel__header"
    >
      <h3>
        Current Status
      </h3>
    </header>
    <div
      className="panel__content"
    >
      <header>
        <React.Fragment>
          <strong>
            Server time
            : 
          </strong>
          Oct 23, 00:00:00
        </React.Fragment>
      </header>
      <main
        className="statuses"
      >
        <section
          className="status"
        >
          <React.Fragment>
            <strong>
              Lights
              : 
            </strong>
            day
          </React.Fragment>
        </section>
        <section
          className="status"
        >
          <React.Fragment>
            <strong>
              Relay
              : 
            </strong>
            on
          </React.Fragment>
        </section>
        <section
          className="status"
        >
          <React.Fragment>
            <strong>
              Temperature
              : 
            </strong>
            Loading
          </React.Fragment>
        </section>
      </main>
    </div>
  </div>,
]
`;
