// Jest Snapshot v1, https://goo.gl/fbAQLP

exports[`Schedule Container should render 1`] = `
Array [
  <Schedule
    resetSchedule={[MockFunction]}
    schedule={
      Object {
        "lights": Object {
          "jobs": Array [
            Object {
              "job_next_run": "2018-08-23T15:00:00.000Z",
              "job_state": "night-17:0",
            },
          ],
          "override": false,
        },
        "relay": Object {
          "jobs": Array [
            Object {
              "job_next_run": "2018-08-23T15:00:00.000Z",
              "job_state": "night-17:0",
            },
          ],
          "override": false,
        },
      }
    }
    setSchedule={[MockFunction]}
  />,
]
`;
