// Jest Snapshot v1, https://goo.gl/fbAQLP

exports[`Schedule Component should render 1`] = `
Array [
  <div
    className="panel"
>
    <header
        className="panel__header"
    >
        Schedule
    </header>
    <div
        className="panel__content"
    >
        <p>
            <strong>
                "
                night-17:0
                "
            </strong>
             
            Aug 23, 17:00
        </p>
    </div>
    <footer
        className="panel__footer"
    >
        <button
            className="reset"
            onClick={[Function]}
        >
            RESET
        </button>
        <button
            className="set-day"
            onClick={[Function]}
        >
            SET DAY
        </button>
        <button
            className="set-night"
            onClick={[Function]}
        >
            SET NIGHT
        </button>
    </footer>
</div>,
]
`;
